// Jest Snapshot v1, https://goo.gl/fbAQLP

exports[`it renders 1`] = `
<Example
  description="An example of sending Ether in Solidity"
  html="<p>You can send Ether to other contracts by</p>
<ul>
<li><code>transfer</code> (2300 gas, throws error)</li>
<li><code>send</code> (2300 gas, returns bool)</li>
<li><code>call</code> (forward all gas or set gas, returns bool)</li>
</ul>
<p><code>call</code> in combination with re-entrancy guard is the recommended method to use after December 2019.</p>
<p>Guard against re-entrancy by</p>
<ul>
<li>making all state changes before calling other contracts</li>
<li>using re-entrancy guard modifier</li>
</ul>
<pre><code class=\\"language-solidity\\">pragma solidity ^0.6.0;

contract ReceiveEther {
    // This is a special function called the fallback.
    // The fallback function declared payable enables other contracts to
    // send Ether by send, transfer, or call.
    receive() external payable {}

    function getBalance() public view returns (uint) {
        return address(this).balance;
    }
}

contract SendEther {
    function sendViaTransfer(address payable _to) public payable {
        // This function is no longer recommended for sending Ether.
        _to.transfer(msg.value);
    }

    function sendViaSend(address payable _to) public payable {
        // Send returns a boolean value indicating success or failure.
        // This function is not recommended for sending Ether.
        bool sent = _to.send(msg.value);
        require(sent, \\"Failed to send Ether\\");
    }

    function sendViaCall(address payable _to) public payable {
        // Call returns a boolean value indicating success or failure.
        // This is the current recommended method to use.
        (bool sent, bytes memory data) = _to.call.value(msg.value)(\\"\\");
        require(sent, \\"Failed to send Ether\\");
    }
}
</code></pre>
"
  title="Sending Ether (transfer, send, call)"
/>
`;
