// Jest Snapshot v1, https://goo.gl/fbAQLP

exports[`it renders 1`] = `
<Example
  description="Example of inheritance in Solidity"
  html="<p>Solidity supports multiple inheritance. Contracts can inherit other contract by using the <code>is</code> keyword.</p>
<p>Order of inheritance is important.</p>
<p>You have to list the parent contracts in the order from “most base-like” to “most derived”.</p>
<pre><code class=\\"language-solidity\\">pragma solidity ^0.5.16;


/* Graph of inheritance
    A
   / \\\\
  B   C
 / \\\\ /
F  D,E

*/

contract A {
    function foo() public pure returns (string memory) {
        return \\"A\\";
    }
}

// Contracts inherit other contracts by using the keyword &#39;is&#39;.
contract B is A {
    // Override A.foo()
    function foo() public pure returns (string memory) {
        return \\"B\\";
    }
}

contract C is A {
    // Override A.foo()
    function foo() public pure returns (string memory) {
        return \\"C\\";
    }
}

// Contracts can inherit from multiple parent contracts.
// When a function is called that is defined multiple times in
// different contracts, parent contracts are searched from
// right to left, and in depth-first manner.

contract D is B, C {
    // D.foo() returns \\"C\\"
    // since C is the right most parent contract with function foo()
}

contract E is C, B {
    // E.foo() returns \\"B\\"
    // since B is the right most parent contract with function foo()
}

// Inheritance must be ordered from “most base-like” to “most derived”.
// Swapping the order of A and B will throw a compilation error.
contract F is A, B {
}
</code></pre>
"
  title="Inheritance"
  version="0.5.16"
/>
`;
