// Jest Snapshot v1, https://goo.gl/fbAQLP

exports[`it renders 1`] = `
<Example
  description="Example of how to write function modifier in Solidity"
  html="<p>Modifiers are code that can be run before and / or after a function call.</p>
<p>Modifiers can be used to:</p>
<ul>
<li>Restrict access</li>
<li>Validate inputs</li>
<li>Guard against reentrancy hack</li>
</ul>
<pre><code class=\\"language-solidity\\"><span class=\\"hljs-comment\\">// SPDX-License-Identifier: MIT</span>
<span class=\\"hljs-meta\\"><span class=\\"hljs-keyword\\">pragma</span> <span class=\\"hljs-keyword\\">solidity</span> ^0.8.3;</span>

<span class=\\"hljs-class\\"><span class=\\"hljs-keyword\\">contract</span> <span class=\\"hljs-title\\">FunctionModifier</span> </span>{
    <span class=\\"hljs-comment\\">// We will use these variables to demonstrate how to use</span>
    <span class=\\"hljs-comment\\">// modifiers.</span>
    <span class=\\"hljs-keyword\\">address</span> <span class=\\"hljs-keyword\\">public</span> owner;
    <span class=\\"hljs-keyword\\">uint</span> <span class=\\"hljs-keyword\\">public</span> x = <span class=\\"hljs-number\\">10</span>;
    <span class=\\"hljs-keyword\\">bool</span> <span class=\\"hljs-keyword\\">public</span> locked;

    <span class=\\"hljs-function\\"><span class=\\"hljs-keyword\\">constructor</span>(<span class=\\"hljs-params\\"></span>) </span>{
        <span class=\\"hljs-comment\\">// Set the transaction sender as the owner of the contract.</span>
        owner = <span class=\\"hljs-built_in\\">msg</span>.<span class=\\"hljs-built_in\\">sender</span>;
    }

    <span class=\\"hljs-comment\\">// Modifier to check that the caller is the owner of</span>
    <span class=\\"hljs-comment\\">// the contract.</span>
    <span class=\\"hljs-function\\"><span class=\\"hljs-keyword\\">modifier</span> <span class=\\"hljs-title\\">onlyOwner</span>(<span class=\\"hljs-params\\"></span>) </span>{
        <span class=\\"hljs-built_in\\">require</span>(<span class=\\"hljs-built_in\\">msg</span>.<span class=\\"hljs-built_in\\">sender</span> == owner, <span class=\\"hljs-string\\">\\"Not owner\\"</span>);
        <span class=\\"hljs-comment\\">// Underscore is a special character only used inside</span>
        <span class=\\"hljs-comment\\">// a function modifier and it tells Solidity to</span>
        <span class=\\"hljs-comment\\">// execute the rest of the code.</span>
        <span class=\\"hljs-keyword\\">_</span>;
    }

    <span class=\\"hljs-comment\\">// Modifiers can take inputs. This modifier checks that the</span>
    <span class=\\"hljs-comment\\">// address passed in is not the zero address.</span>
    <span class=\\"hljs-function\\"><span class=\\"hljs-keyword\\">modifier</span> <span class=\\"hljs-title\\">validAddress</span>(<span class=\\"hljs-params\\"><span class=\\"hljs-keyword\\">address</span> _addr</span>) </span>{
        <span class=\\"hljs-built_in\\">require</span>(_addr != <span class=\\"hljs-keyword\\">address</span>(<span class=\\"hljs-number\\">0</span>), <span class=\\"hljs-string\\">\\"Not valid address\\"</span>);
        <span class=\\"hljs-keyword\\">_</span>;
    }

    <span class=\\"hljs-function\\"><span class=\\"hljs-keyword\\">function</span> <span class=\\"hljs-title\\">changeOwner</span>(<span class=\\"hljs-params\\"><span class=\\"hljs-keyword\\">address</span> _newOwner</span>) <span class=\\"hljs-title\\"><span class=\\"hljs-keyword\\">public</span></span> <span class=\\"hljs-title\\">onlyOwner</span> <span class=\\"hljs-title\\">validAddress</span>(<span class=\\"hljs-params\\">_newOwner</span>) </span>{
        owner = _newOwner;
    }

    <span class=\\"hljs-comment\\">// Modifiers can be called before and / or after a function.</span>
    <span class=\\"hljs-comment\\">// This modifier prevents a function from being called while</span>
    <span class=\\"hljs-comment\\">// it is still executing.</span>
    <span class=\\"hljs-function\\"><span class=\\"hljs-keyword\\">modifier</span> <span class=\\"hljs-title\\">noReentrancy</span>(<span class=\\"hljs-params\\"></span>) </span>{
        <span class=\\"hljs-built_in\\">require</span>(!locked, <span class=\\"hljs-string\\">\\"No reentrancy\\"</span>);

        locked = <span class=\\"hljs-literal\\">true</span>;
        <span class=\\"hljs-keyword\\">_</span>;
        locked = <span class=\\"hljs-literal\\">false</span>;
    }

    <span class=\\"hljs-function\\"><span class=\\"hljs-keyword\\">function</span> <span class=\\"hljs-title\\">decrement</span>(<span class=\\"hljs-params\\"><span class=\\"hljs-keyword\\">uint</span> i</span>) <span class=\\"hljs-title\\"><span class=\\"hljs-keyword\\">public</span></span> <span class=\\"hljs-title\\">noReentrancy</span> </span>{
        x -= i;

        <span class=\\"hljs-keyword\\">if</span> (i &gt; <span class=\\"hljs-number\\">1</span>) {
            decrement(i - <span class=\\"hljs-number\\">1</span>);
        }
    }
}
</code></pre>
"
  title="Function Modifier"
  version="0.8.3"
/>
`;
