// Jest Snapshot v1, https://goo.gl/fbAQLP

exports[`it renders 1`] = `
<div
  className="component"
>
  <SEO
    description="Learn smart contract programming using Solidity"
    title="Solidity by Example | 0.8.3"
  />
  <h1
    className="header"
  >
    <a
      href="/"
    >
      Solidity by Example
    </a>
  </h1>
  <div
    className="subHeader"
  >
    v 0.8.3
  </div>
  <div
    className="main"
  >
    <p>
      an introduction to 
      <a
        href="https://solidity.readthedocs.io"
      >
        Solidity
      </a>
       with simple examples
    </p>
    <div
      className="youTube"
    >
      <img
        alt="logo"
        className="youTubeLogo"
        src="youtube.svg"
      />
      <a
        href="https://www.youtube.com/channel/UCJWh7F3AFyQ_x01VKzr9eyA"
        target="__blank"
      >
        Most code are explained here
      </a>
    </div>
    <div
      className="updates"
    >
      <div
        key="0"
      >
        2021/10/14 - GitHub PR by wiasliaw
      </div>
      <div
        key="1"
      >
        2021/10/14 - GitHub PR by meetmangukiya
      </div>
      <div
        key="2"
      >
        2021/10/04 - GitHub PR by tomMobileDev123
      </div>
    </div>
    <div
      key="0"
    >
      <ul
        className="list"
      >
        <li
          className="listItem"
          key="hello-world"
        >
          <a
            href="hello-world"
          >
            Hello World
          </a>
        </li>
        <li
          className="listItem"
          key="first-app"
        >
          <a
            href="first-app"
          >
            First App
          </a>
        </li>
        <li
          className="listItem"
          key="primitives"
        >
          <a
            href="primitives"
          >
            Primitive Data Types
          </a>
        </li>
        <li
          className="listItem"
          key="variables"
        >
          <a
            href="variables"
          >
            Variables
          </a>
        </li>
        <li
          className="listItem"
          key="state-variables"
        >
          <a
            href="state-variables"
          >
            Reading and Writing to a State Variable
          </a>
        </li>
        <li
          className="listItem"
          key="ether-units"
        >
          <a
            href="ether-units"
          >
            Ether and Wei
          </a>
        </li>
        <li
          className="listItem"
          key="gas"
        >
          <a
            href="gas"
          >
            Gas and Gas Price
          </a>
        </li>
        <li
          className="listItem"
          key="if-else"
        >
          <a
            href="if-else"
          >
            If / Else
          </a>
        </li>
        <li
          className="listItem"
          key="loop"
        >
          <a
            href="loop"
          >
            For and While Loop
          </a>
        </li>
        <li
          className="listItem"
          key="mapping"
        >
          <a
            href="mapping"
          >
            Mapping
          </a>
        </li>
        <li
          className="listItem"
          key="array"
        >
          <a
            href="array"
          >
            Array
          </a>
        </li>
        <li
          className="listItem"
          key="enum"
        >
          <a
            href="enum"
          >
            Enum
          </a>
        </li>
        <li
          className="listItem"
          key="structs"
        >
          <a
            href="structs"
          >
            Structs
          </a>
        </li>
        <li
          className="listItem"
          key="data-locations"
        >
          <a
            href="data-locations"
          >
            Data Locations - Storage, Memory and Calldata
          </a>
        </li>
        <li
          className="listItem"
          key="function"
        >
          <a
            href="function"
          >
            Function
          </a>
        </li>
        <li
          className="listItem"
          key="view-and-pure-functions"
        >
          <a
            href="view-and-pure-functions"
          >
            View and Pure Functions
          </a>
        </li>
        <li
          className="listItem"
          key="error"
        >
          <a
            href="error"
          >
            Error
          </a>
        </li>
        <li
          className="listItem"
          key="function-modifier"
        >
          <a
            href="function-modifier"
          >
            Function Modifier
          </a>
        </li>
        <li
          className="listItem"
          key="events"
        >
          <a
            href="events"
          >
            Events
          </a>
        </li>
        <li
          className="listItem"
          key="constructor"
        >
          <a
            href="constructor"
          >
            Constructor
          </a>
        </li>
        <li
          className="listItem"
          key="inheritance"
        >
          <a
            href="inheritance"
          >
            Inheritance
          </a>
        </li>
        <li
          className="listItem"
          key="shadowing-inherited-state-variables"
        >
          <a
            href="shadowing-inherited-state-variables"
          >
            Shadowing Inherited State Variables
          </a>
        </li>
        <li
          className="listItem"
          key="super"
        >
          <a
            href="super"
          >
            Calling Parent Contracts
          </a>
        </li>
        <li
          className="listItem"
          key="visibility"
        >
          <a
            href="visibility"
          >
            Visibility
          </a>
        </li>
        <li
          className="listItem"
          key="interface"
        >
          <a
            href="interface"
          >
            Interface
          </a>
        </li>
        <li
          className="listItem"
          key="payable"
        >
          <a
            href="payable"
          >
            Payable
          </a>
        </li>
        <li
          className="listItem"
          key="sending-ether"
        >
          <a
            href="sending-ether"
          >
            Sending Ether - Transfer, Send, and Call
          </a>
        </li>
        <li
          className="listItem"
          key="fallback"
        >
          <a
            href="fallback"
          >
            Fallback
          </a>
        </li>
        <li
          className="listItem"
          key="call"
        >
          <a
            href="call"
          >
            Call
          </a>
        </li>
        <li
          className="listItem"
          key="delegatecall"
        >
          <a
            href="delegatecall"
          >
            Delegatecall
          </a>
        </li>
        <li
          className="listItem"
          key="function-selector"
        >
          <a
            href="function-selector"
          >
            Function Selector
          </a>
        </li>
        <li
          className="listItem"
          key="calling-contract"
        >
          <a
            href="calling-contract"
          >
            Calling Other Contract
          </a>
        </li>
        <li
          className="listItem"
          key="new-contract"
        >
          <a
            href="new-contract"
          >
            Creating Contracts from a Contract
          </a>
        </li>
        <li
          className="listItem"
          key="try-catch"
        >
          <a
            href="try-catch"
          >
            Try / Catch
          </a>
        </li>
        <li
          className="listItem"
          key="import"
        >
          <a
            href="import"
          >
            Import
          </a>
        </li>
        <li
          className="listItem"
          key="library"
        >
          <a
            href="library"
          >
            Library
          </a>
        </li>
        <li
          className="listItem"
          key="hashing"
        >
          <a
            href="hashing"
          >
            Hashing with Keccak256
          </a>
        </li>
        <li
          className="listItem"
          key="signature"
        >
          <a
            href="signature"
          >
            Verifying Signature
          </a>
        </li>
      </ul>
    </div>
    <div
      key="1"
    >
      <h3>
        Applications
      </h3>
      <ul
        className="list"
      >
        <li
          className="listItem"
          key="/app/multi-sig-wallet"
        >
          <a
            href="/app/multi-sig-wallet"
          >
            Multi Sig Wallet
          </a>
        </li>
        <li
          className="listItem"
          key="/app/merkle-tree"
        >
          <a
            href="/app/merkle-tree"
          >
            Merkle Tree
          </a>
        </li>
        <li
          className="listItem"
          key="/app/iterable-mapping"
        >
          <a
            href="/app/iterable-mapping"
          >
            Iterable Mapping
          </a>
        </li>
        <li
          className="listItem"
          key="/app/erc20"
        >
          <a
            href="/app/erc20"
          >
            ERC20
          </a>
        </li>
        <li
          className="listItem"
          key="/app/create2"
        >
          <a
            href="/app/create2"
          >
            Precompute Contract Address with Create2
          </a>
        </li>
        <li
          className="listItem"
          key="/app/minimal-proxy"
        >
          <a
            href="/app/minimal-proxy"
          >
            Minimal Proxy Contract
          </a>
        </li>
        <li
          className="listItem"
          key="/app/uni-directional-payment-channel"
        >
          <a
            href="/app/uni-directional-payment-channel"
          >
            Uni-directional Payment Channel
          </a>
        </li>
        <li
          className="listItem"
          key="/app/bi-directional-payment-channel"
        >
          <a
            href="/app/bi-directional-payment-channel"
          >
            Bi-directional Payment Channel
          </a>
        </li>
      </ul>
    </div>
    <div
      key="2"
    >
      <h3>
        Hacks
      </h3>
      <ul
        className="list"
      >
        <li
          className="listItem"
          key="/hacks/re-entrancy"
        >
          <a
            href="/hacks/re-entrancy"
          >
            Re-Entrancy
          </a>
        </li>
        <li
          className="listItem"
          key="/hacks/overflow"
        >
          <a
            href="/hacks/overflow"
          >
            Arithmetic Overflow and Underflow
          </a>
        </li>
        <li
          className="listItem"
          key="/hacks/self-destruct"
        >
          <a
            href="/hacks/self-destruct"
          >
            Self Destruct
          </a>
        </li>
        <li
          className="listItem"
          key="/hacks/accessing-private-data"
        >
          <a
            href="/hacks/accessing-private-data"
          >
            Accessing Private Data
          </a>
        </li>
        <li
          className="listItem"
          key="/hacks/delegatecall"
        >
          <a
            href="/hacks/delegatecall"
          >
            Delegatecall
          </a>
        </li>
        <li
          className="listItem"
          key="/hacks/randomness"
        >
          <a
            href="/hacks/randomness"
          >
            Source of Randomness
          </a>
        </li>
        <li
          className="listItem"
          key="/hacks/denial-of-service"
        >
          <a
            href="/hacks/denial-of-service"
          >
            Denial of Service
          </a>
        </li>
        <li
          className="listItem"
          key="/hacks/phishing-with-tx-origin"
        >
          <a
            href="/hacks/phishing-with-tx-origin"
          >
            Phishing with tx.origin
          </a>
        </li>
        <li
          className="listItem"
          key="/hacks/hiding-malicious-code-with-external-contract"
        >
          <a
            href="/hacks/hiding-malicious-code-with-external-contract"
          >
            Hiding Malicious Code with External Contract
          </a>
        </li>
        <li
          className="listItem"
          key="/hacks/honeypot"
        >
          <a
            href="/hacks/honeypot"
          >
            Honeypot
          </a>
        </li>
        <li
          className="listItem"
          key="/hacks/front-running"
        >
          <a
            href="/hacks/front-running"
          >
            Front Running
          </a>
        </li>
        <li
          className="listItem"
          key="/hacks/block-timestamp-manipulation"
        >
          <a
            href="/hacks/block-timestamp-manipulation"
          >
            Block Timestamp Manipulation
          </a>
        </li>
        <li
          className="listItem"
          key="/hacks/signature-replay"
        >
          <a
            href="/hacks/signature-replay"
          >
            Signature Replay
          </a>
        </li>
        <li
          className="listItem"
          key="/hacks/contract-size"
        >
          <a
            href="/hacks/contract-size"
          >
            Bypass Contract Size Check
          </a>
        </li>
      </ul>
    </div>
    <div
      key="3"
    >
      <h3>
        DeFi
      </h3>
      <ul
        className="list"
      >
        <li
          className="listItem"
          key="/defi/uniswap-v2"
        >
          <a
            href="/defi/uniswap-v2"
          >
            Uniswap V2
          </a>
        </li>
        <li
          className="listItem"
          key="/defi/staking-rewards"
        >
          <a
            href="/defi/staking-rewards"
          >
            Staking Rewards
          </a>
        </li>
      </ul>
    </div>
  </div>
</div>
`;
