// Jest Snapshot v1, https://goo.gl/fbAQLP

exports[`it renders 1`] = `
<Example
  html="<p>Ether can be denominated in smaller units. The smallest unit is <code>wei</code></p>
<pre><code class=\\"language-solidity\\">pragma solidity ^0.5.3;

contract Wei {
  uint public oneEther = 1 ether;

  function test() public pure {
    assert(1 ether == 1e18 wei);
    assert(1 wei == 1);
  }
}
</code></pre>
"
  title="Wei and Ether"
/>
`;
