// Jest Snapshot v1, https://goo.gl/fbAQLP

exports[`it renders 1`] = `
<Example
  description="Hello World in Solidity"
  html="<p><code>pragma</code> specifies the compiler version of Solidity.</p>
<pre><code class=\\"language-solidity\\">// compiler version must be greater than or equal to 0.5.16 and less than 0.6.0
pragma solidity ^0.6.0;

contract HelloWorld {
    string public greet = \\"Hello World!\\";
}
</code></pre>
"
  title="Hello World"
  version="0.6.0"
/>
`;
