// Jest Snapshot v1, https://goo.gl/fbAQLP

exports[`it renders 1`] = `
<div
  className="component"
>
  <div
    className="social"
  >
    <div
      className="row"
    >
      <img
        alt="logo"
        className="discord"
        src="discord.png"
      />
      <a
        href="https://discord.gg/bt8FK2wkcW"
        target="__blank"
      >
        Discord
      </a>
    </div>
    <div
      className="row"
    >
      <img
        alt="logo"
        className="telegram"
        src="telegram.png"
      />
      <a
        href="https://t.me/smartcontractprogrammer"
        target="__blank"
      >
        Telegram
      </a>
    </div>
    <div
      className="row"
    >
      <img
        alt="logo"
        className="youTube"
        src="youtube.svg"
      />
      <a
        href="https://www.youtube.com/channel/UCJWh7F3AFyQ_x01VKzr9eyA"
        target="__blank"
      >
        YouTube
      </a>
    </div>
  </div>
  <div
    className="row"
  >
    Donate
    <span
      aria-label="smiley"
      role="img"
    >
      🙂
    </span>
  </div>
  <div
    className="row"
  >
    <a
      href="https://etherscan.io/address/0x95a647B3d8a3F11176BAdB799b9499C671fa243a"
      target="__blank"
    >
      0x95a6
      ...
      fa243
    </a>
  </div>
  <div
    className="row"
  >
    your ETH will directly go to
    <a
      className="khan"
      href="https://khanacademy.org"
      target="__blank"
    >
      Khan Academy
    </a>
  </div>
  <div
    className="row"
  >
    <a
      href="mailto:contact@solidity-by-example.org"
    >
      contact@solidity-by-example.org
    </a>
  </div>
  <div
    className="row"
  >
    <a
      href="https://github.com/solidity-by-example/solidity-by-example.github.io"
      target="__blank"
    >
      source
    </a>
    <div
      className="bar"
    >
      |
    </div>
    <a
      href="https://github.com/solidity-by-example/solidity-by-example.github.io/blob/gh-pages/LICENSE"
      target="__blank"
    >
      license
    </a>
  </div>
</div>
`;
