// Jest Snapshot v1, https://goo.gl/fbAQLP

exports[`0.5 1`] = `
<div
  className="component"
>
  <SEO
    description="Learn smart contract programming using Solidity"
    title="Solidity by Example | 0.5.16"
  />
  <h1
    className="header"
  >
    <a
      href="/"
    >
      Solidity by Example
    </a>
  </h1>
  <div
    className="subHeader"
  >
    v 
    0.5.16
  </div>
  <div
    className="main"
  >
    <p>
      an introduction to
       
      <a
        href="https://solidity.readthedocs.io"
      >
        Solidity
      </a>
       with simple examples
    </p>
    <div
      key="0"
    >
      <ul
        className="list"
      >
        <li
          className="listItem"
          key="/0.5/hello-world"
        >
          <a
            href="/0.5/hello-world"
          >
            Hello World
          </a>
        </li>
        <li
          className="listItem"
          key="/0.5/first-app"
        >
          <a
            href="/0.5/first-app"
          >
            First App
          </a>
        </li>
        <li
          className="listItem"
          key="/0.5/primitives"
        >
          <a
            href="/0.5/primitives"
          >
            Primitive Data Types
          </a>
        </li>
        <li
          className="listItem"
          key="/0.5/variables"
        >
          <a
            href="/0.5/variables"
          >
            Variables
          </a>
        </li>
        <li
          className="listItem"
          key="/0.5/state-variables"
        >
          <a
            href="/0.5/state-variables"
          >
            Reading and Writing to a State Variable
          </a>
        </li>
        <li
          className="listItem"
          key="/0.5/ether-units"
        >
          <a
            href="/0.5/ether-units"
          >
            Ether and Wei
          </a>
        </li>
        <li
          className="listItem"
          key="/0.5/gas"
        >
          <a
            href="/0.5/gas"
          >
            Gas and Gas Price
          </a>
        </li>
        <li
          className="listItem"
          key="/0.5/if-else"
        >
          <a
            href="/0.5/if-else"
          >
            If / Else
          </a>
        </li>
        <li
          className="listItem"
          key="/0.5/loop"
        >
          <a
            href="/0.5/loop"
          >
            For and While Loop
          </a>
        </li>
        <li
          className="listItem"
          key="/0.5/mapping"
        >
          <a
            href="/0.5/mapping"
          >
            Mapping
          </a>
        </li>
        <li
          className="listItem"
          key="/0.5/array"
        >
          <a
            href="/0.5/array"
          >
            Array
          </a>
        </li>
        <li
          className="listItem"
          key="/0.5/enum"
        >
          <a
            href="/0.5/enum"
          >
            Enum
          </a>
        </li>
        <li
          className="listItem"
          key="/0.5/structs"
        >
          <a
            href="/0.5/structs"
          >
            Structs
          </a>
        </li>
        <li
          className="listItem"
          key="/0.5/data-locations"
        >
          <a
            href="/0.5/data-locations"
          >
            Data Locations - Storage, Memory and Calldata
          </a>
        </li>
        <li
          className="listItem"
          key="/0.5/function"
        >
          <a
            href="/0.5/function"
          >
            Function
          </a>
        </li>
        <li
          className="listItem"
          key="/0.5/view-and-pure-functions"
        >
          <a
            href="/0.5/view-and-pure-functions"
          >
            View and Pure Functions
          </a>
        </li>
        <li
          className="listItem"
          key="/0.5/error"
        >
          <a
            href="/0.5/error"
          >
            Error
          </a>
        </li>
        <li
          className="listItem"
          key="/0.5/function-modifier"
        >
          <a
            href="/0.5/function-modifier"
          >
            Function Modifier
          </a>
        </li>
        <li
          className="listItem"
          key="/0.5/events"
        >
          <a
            href="/0.5/events"
          >
            Events
          </a>
        </li>
        <li
          className="listItem"
          key="/0.5/constructor"
        >
          <a
            href="/0.5/constructor"
          >
            Constructor
          </a>
        </li>
        <li
          className="listItem"
          key="/0.5/inheritance"
        >
          <a
            href="/0.5/inheritance"
          >
            Inheritance
          </a>
        </li>
        <li
          className="listItem"
          key="/0.5/shadowing-inherited-state-variables"
        >
          <a
            href="/0.5/shadowing-inherited-state-variables"
          >
            Shadowing Inherited State Variables
          </a>
        </li>
        <li
          className="listItem"
          key="/0.5/super"
        >
          <a
            href="/0.5/super"
          >
            Calling Parent Contracts
          </a>
        </li>
        <li
          className="listItem"
          key="/0.5/visibility"
        >
          <a
            href="/0.5/visibility"
          >
            Visibility
          </a>
        </li>
        <li
          className="listItem"
          key="/0.5/interface"
        >
          <a
            href="/0.5/interface"
          >
            Interface
          </a>
        </li>
        <li
          className="listItem"
          key="/0.5/payable"
        >
          <a
            href="/0.5/payable"
          >
            Payable
          </a>
        </li>
        <li
          className="listItem"
          key="/0.5/sending-ether"
        >
          <a
            href="/0.5/sending-ether"
          >
            Sending Ether - Transfer, Send, and Call
          </a>
        </li>
        <li
          className="listItem"
          key="/0.5/fallback"
        >
          <a
            href="/0.5/fallback"
          >
            Fallback
          </a>
        </li>
        <li
          className="listItem"
          key="/0.5/call"
        >
          <a
            href="/0.5/call"
          >
            Call
          </a>
        </li>
        <li
          className="listItem"
          key="/0.5/delegatecall"
        >
          <a
            href="/0.5/delegatecall"
          >
            Delegatecall
          </a>
        </li>
        <li
          className="listItem"
          key="/0.5/calling-contract"
        >
          <a
            href="/0.5/calling-contract"
          >
            Calling Other Contract
          </a>
        </li>
        <li
          className="listItem"
          key="/0.5/new-contract"
        >
          <a
            href="/0.5/new-contract"
          >
            Creating Contracts from a Contract
          </a>
        </li>
        <li
          className="listItem"
          key="/0.5/import"
        >
          <a
            href="/0.5/import"
          >
            Import
          </a>
        </li>
        <li
          className="listItem"
          key="/0.5/library"
        >
          <a
            href="/0.5/library"
          >
            Library
          </a>
        </li>
        <li
          className="listItem"
          key="/0.5/hashing"
        >
          <a
            href="/0.5/hashing"
          >
            Hashing with Keccak256
          </a>
        </li>
        <li
          className="listItem"
          key="/0.5/signature"
        >
          <a
            href="/0.5/signature"
          >
            Verifying Signature
          </a>
        </li>
      </ul>
    </div>
    <div
      key="1"
    >
      <h3>
        Applications
      </h3>
      <ul
        className="list"
      >
        <li
          className="listItem"
          key="/0.5/app/multi-sig-wallet"
        >
          <a
            href="/0.5/app/multi-sig-wallet"
          >
            Multi Sig Wallet
          </a>
        </li>
        <li
          className="listItem"
          key="/0.5/app/merkle-tree"
        >
          <a
            href="/0.5/app/merkle-tree"
          >
            Merkle Tree
          </a>
        </li>
        <li
          className="listItem"
          key="/0.5/app/iterable-mapping"
        >
          <a
            href="/0.5/app/iterable-mapping"
          >
            Iterable Mapping
          </a>
        </li>
        <li
          className="listItem"
          key="/0.5/app/erc20"
        >
          <a
            href="/0.5/app/erc20"
          >
            ERC20
          </a>
        </li>
        <li
          className="listItem"
          key="/0.5/app/create2"
        >
          <a
            href="/0.5/app/create2"
          >
            Precompute Contract Address with Create2
          </a>
        </li>
        <li
          className="listItem"
          key="/0.5/app/uni-directional-payment-channel"
        >
          <a
            href="/0.5/app/uni-directional-payment-channel"
          >
            Uni-directional Payment Channel
          </a>
        </li>
        <li
          className="listItem"
          key="/0.5/app/bi-directional-payment-channel"
        >
          <a
            href="/0.5/app/bi-directional-payment-channel"
          >
            Bi-directional Payment Channel
          </a>
        </li>
      </ul>
    </div>
    <div
      key="2"
    >
      <h3>
        Hacks
      </h3>
      <ul
        className="list"
      >
        <li
          className="listItem"
          key="/0.5/hacks/re-entrancy"
        >
          <a
            href="/0.5/hacks/re-entrancy"
          >
            Re-Entrancy
          </a>
        </li>
        <li
          className="listItem"
          key="/0.5/hacks/overflow"
        >
          <a
            href="/0.5/hacks/overflow"
          >
            Arithmetic Overflow and Underflow
          </a>
        </li>
        <li
          className="listItem"
          key="/0.5/hacks/self-destruct"
        >
          <a
            href="/0.5/hacks/self-destruct"
          >
            Self Destruct
          </a>
        </li>
        <li
          className="listItem"
          key="/0.5/hacks/accessing-private-data"
        >
          <a
            href="/0.5/hacks/accessing-private-data"
          >
            Accessing Private Data
          </a>
        </li>
        <li
          className="listItem"
          key="/0.5/hacks/delegatecall"
        >
          <a
            href="/0.5/hacks/delegatecall"
          >
            Delegatecall
          </a>
        </li>
        <li
          className="listItem"
          key="/0.5/hacks/randomness"
        >
          <a
            href="/0.5/hacks/randomness"
          >
            Source of Randomness
          </a>
        </li>
        <li
          className="listItem"
          key="/0.5/hacks/denial-of-service"
        >
          <a
            href="/0.5/hacks/denial-of-service"
          >
            Denial of Service
          </a>
        </li>
        <li
          className="listItem"
          key="/0.5/hacks/phishing-with-tx-origin"
        >
          <a
            href="/0.5/hacks/phishing-with-tx-origin"
          >
            Phishing with tx.origin
          </a>
        </li>
        <li
          className="listItem"
          key="/0.5/hacks/hiding-malicious-code-with-external-contract"
        >
          <a
            href="/0.5/hacks/hiding-malicious-code-with-external-contract"
          >
            Hiding Malicious Code with External Contract
          </a>
        </li>
        <li
          className="listItem"
          key="/0.5/hacks/honeypot"
        >
          <a
            href="/0.5/hacks/honeypot"
          >
            Honeypot
          </a>
        </li>
        <li
          className="listItem"
          key="/0.5/hacks/front-running"
        >
          <a
            href="/0.5/hacks/front-running"
          >
            Front Running
          </a>
        </li>
        <li
          className="listItem"
          key="/0.5/hacks/block-timestamp-manipulation"
        >
          <a
            href="/0.5/hacks/block-timestamp-manipulation"
          >
            Block Timestamp Manipulation
          </a>
        </li>
      </ul>
    </div>
  </div>
</div>
`;

exports[`0.6 1`] = `
<div
  className="component"
>
  <SEO
    description="Learn smart contract programming using Solidity"
    title="Solidity by Example | 0.6.10"
  />
  <h1
    className="header"
  >
    <a
      href="/"
    >
      Solidity by Example
    </a>
  </h1>
  <div
    className="subHeader"
  >
    v 
    0.6.10
  </div>
  <div
    className="main"
  >
    <p>
      an introduction to
       
      <a
        href="https://solidity.readthedocs.io"
      >
        Solidity
      </a>
       with simple examples
    </p>
    <div
      key="0"
    >
      <ul
        className="list"
      >
        <li
          className="listItem"
          key="/0.6/hello-world"
        >
          <a
            href="/0.6/hello-world"
          >
            Hello World
          </a>
        </li>
        <li
          className="listItem"
          key="/0.6/first-app"
        >
          <a
            href="/0.6/first-app"
          >
            First App
          </a>
        </li>
        <li
          className="listItem"
          key="/0.6/primitives"
        >
          <a
            href="/0.6/primitives"
          >
            Primitive Data Types
          </a>
        </li>
        <li
          className="listItem"
          key="/0.6/variables"
        >
          <a
            href="/0.6/variables"
          >
            Variables
          </a>
        </li>
        <li
          className="listItem"
          key="/0.6/state-variables"
        >
          <a
            href="/0.6/state-variables"
          >
            Reading and Writing to a State Variable
          </a>
        </li>
        <li
          className="listItem"
          key="/0.6/ether-units"
        >
          <a
            href="/0.6/ether-units"
          >
            Ether and Wei
          </a>
        </li>
        <li
          className="listItem"
          key="/0.6/gas"
        >
          <a
            href="/0.6/gas"
          >
            Gas and Gas Price
          </a>
        </li>
        <li
          className="listItem"
          key="/0.6/if-else"
        >
          <a
            href="/0.6/if-else"
          >
            If / Else
          </a>
        </li>
        <li
          className="listItem"
          key="/0.6/loop"
        >
          <a
            href="/0.6/loop"
          >
            For and While Loop
          </a>
        </li>
        <li
          className="listItem"
          key="/0.6/mapping"
        >
          <a
            href="/0.6/mapping"
          >
            Mapping
          </a>
        </li>
        <li
          className="listItem"
          key="/0.6/array"
        >
          <a
            href="/0.6/array"
          >
            Array
          </a>
        </li>
        <li
          className="listItem"
          key="/0.6/enum"
        >
          <a
            href="/0.6/enum"
          >
            Enum
          </a>
        </li>
        <li
          className="listItem"
          key="/0.6/structs"
        >
          <a
            href="/0.6/structs"
          >
            Structs
          </a>
        </li>
        <li
          className="listItem"
          key="/0.6/data-locations"
        >
          <a
            href="/0.6/data-locations"
          >
            Data Locations - Storage, Memory and Calldata
          </a>
        </li>
        <li
          className="listItem"
          key="/0.6/function"
        >
          <a
            href="/0.6/function"
          >
            Function
          </a>
        </li>
        <li
          className="listItem"
          key="/0.6/view-and-pure-functions"
        >
          <a
            href="/0.6/view-and-pure-functions"
          >
            View and Pure Functions
          </a>
        </li>
        <li
          className="listItem"
          key="/0.6/error"
        >
          <a
            href="/0.6/error"
          >
            Error
          </a>
        </li>
        <li
          className="listItem"
          key="/0.6/function-modifier"
        >
          <a
            href="/0.6/function-modifier"
          >
            Function Modifier
          </a>
        </li>
        <li
          className="listItem"
          key="/0.6/events"
        >
          <a
            href="/0.6/events"
          >
            Events
          </a>
        </li>
        <li
          className="listItem"
          key="/0.6/constructor"
        >
          <a
            href="/0.6/constructor"
          >
            Constructor
          </a>
        </li>
        <li
          className="listItem"
          key="/0.6/inheritance"
        >
          <a
            href="/0.6/inheritance"
          >
            Inheritance
          </a>
          <div
            className="label"
          >
            <Label />
          </div>
        </li>
        <li
          className="listItem"
          key="/0.6/shadowing-inherited-state-variables"
        >
          <a
            href="/0.6/shadowing-inherited-state-variables"
          >
            Shadowing Inherited State Variables
          </a>
          <div
            className="label"
          >
            <Label />
          </div>
        </li>
        <li
          className="listItem"
          key="/0.6/super"
        >
          <a
            href="/0.6/super"
          >
            Calling Parent Contracts
          </a>
        </li>
        <li
          className="listItem"
          key="/0.6/visibility"
        >
          <a
            href="/0.6/visibility"
          >
            Visibility
          </a>
        </li>
        <li
          className="listItem"
          key="/0.6/interface"
        >
          <a
            href="/0.6/interface"
          >
            Interface
          </a>
        </li>
        <li
          className="listItem"
          key="/0.6/payable"
        >
          <a
            href="/0.6/payable"
          >
            Payable
          </a>
        </li>
        <li
          className="listItem"
          key="/0.6/sending-ether"
        >
          <a
            href="/0.6/sending-ether"
          >
            Sending Ether - Transfer, Send, and Call
          </a>
        </li>
        <li
          className="listItem"
          key="/0.6/fallback"
        >
          <a
            href="/0.6/fallback"
          >
            Fallback
          </a>
          <div
            className="label"
          >
            <Label />
          </div>
        </li>
        <li
          className="listItem"
          key="/0.6/call"
        >
          <a
            href="/0.6/call"
          >
            Call
          </a>
        </li>
        <li
          className="listItem"
          key="/0.6/delegatecall"
        >
          <a
            href="/0.6/delegatecall"
          >
            Delegatecall
          </a>
        </li>
        <li
          className="listItem"
          key="/0.6/calling-contract"
        >
          <a
            href="/0.6/calling-contract"
          >
            Calling Other Contract
          </a>
        </li>
        <li
          className="listItem"
          key="/0.6/new-contract"
        >
          <a
            href="/0.6/new-contract"
          >
            Creating Contracts from a Contract
          </a>
        </li>
        <li
          className="listItem"
          key="/0.6/try-catch"
        >
          <a
            href="/0.6/try-catch"
          >
            Try / Catch
          </a>
        </li>
        <li
          className="listItem"
          key="/0.6/import"
        >
          <a
            href="/0.6/import"
          >
            Import
          </a>
        </li>
        <li
          className="listItem"
          key="/0.6/library"
        >
          <a
            href="/0.6/library"
          >
            Library
          </a>
        </li>
        <li
          className="listItem"
          key="/0.6/hashing"
        >
          <a
            href="/0.6/hashing"
          >
            Hashing with Keccak256
          </a>
        </li>
        <li
          className="listItem"
          key="/0.6/signature"
        >
          <a
            href="/0.6/signature"
          >
            Verifying Signature
          </a>
        </li>
      </ul>
    </div>
    <div
      key="1"
    >
      <h3>
        Applications
      </h3>
      <ul
        className="list"
      >
        <li
          className="listItem"
          key="/0.6/app/multi-sig-wallet"
        >
          <a
            href="/0.6/app/multi-sig-wallet"
          >
            Multi Sig Wallet
          </a>
        </li>
        <li
          className="listItem"
          key="/0.6/app/merkle-tree"
        >
          <a
            href="/0.6/app/merkle-tree"
          >
            Merkle Tree
          </a>
        </li>
        <li
          className="listItem"
          key="/0.6/app/iterable-mapping"
        >
          <a
            href="/0.6/app/iterable-mapping"
          >
            Iterable Mapping
          </a>
        </li>
        <li
          className="listItem"
          key="/0.6/app/erc20"
        >
          <a
            href="/0.6/app/erc20"
          >
            ERC20
          </a>
        </li>
        <li
          className="listItem"
          key="/0.6/app/create2"
        >
          <a
            href="/0.6/app/create2"
          >
            Precompute Contract Address with Create2
          </a>
        </li>
        <li
          className="listItem"
          key="/0.6/app/uni-directional-payment-channel"
        >
          <a
            href="/0.6/app/uni-directional-payment-channel"
          >
            Uni-directional Payment Channel
          </a>
        </li>
        <li
          className="listItem"
          key="/0.6/app/bi-directional-payment-channel"
        >
          <a
            href="/0.6/app/bi-directional-payment-channel"
          >
            Bi-directional Payment Channel
          </a>
        </li>
      </ul>
    </div>
    <div
      key="2"
    >
      <h3>
        Hacks
      </h3>
      <ul
        className="list"
      >
        <li
          className="listItem"
          key="/0.6/hacks/re-entrancy"
        >
          <a
            href="/0.6/hacks/re-entrancy"
          >
            Re-Entrancy
          </a>
        </li>
        <li
          className="listItem"
          key="/0.6/hacks/overflow"
        >
          <a
            href="/0.6/hacks/overflow"
          >
            Arithmetic Overflow and Underflow
          </a>
        </li>
        <li
          className="listItem"
          key="/0.6/hacks/self-destruct"
        >
          <a
            href="/0.6/hacks/self-destruct"
          >
            Self Destruct
          </a>
        </li>
        <li
          className="listItem"
          key="/0.6/hacks/accessing-private-data"
        >
          <a
            href="/0.6/hacks/accessing-private-data"
          >
            Accessing Private Data
          </a>
        </li>
        <li
          className="listItem"
          key="/0.6/hacks/delegatecall"
        >
          <a
            href="/0.6/hacks/delegatecall"
          >
            Delegatecall
          </a>
        </li>
        <li
          className="listItem"
          key="/0.6/hacks/randomness"
        >
          <a
            href="/0.6/hacks/randomness"
          >
            Source of Randomness
          </a>
        </li>
        <li
          className="listItem"
          key="/0.6/hacks/denial-of-service"
        >
          <a
            href="/0.6/hacks/denial-of-service"
          >
            Denial of Service
          </a>
        </li>
        <li
          className="listItem"
          key="/0.6/hacks/phishing-with-tx-origin"
        >
          <a
            href="/0.6/hacks/phishing-with-tx-origin"
          >
            Phishing with tx.origin
          </a>
        </li>
        <li
          className="listItem"
          key="/0.6/hacks/hiding-malicious-code-with-external-contract"
        >
          <a
            href="/0.6/hacks/hiding-malicious-code-with-external-contract"
          >
            Hiding Malicious Code with External Contract
          </a>
        </li>
        <li
          className="listItem"
          key="/0.6/hacks/honeypot"
        >
          <a
            href="/0.6/hacks/honeypot"
          >
            Honeypot
          </a>
        </li>
        <li
          className="listItem"
          key="/0.6/hacks/front-running"
        >
          <a
            href="/0.6/hacks/front-running"
          >
            Front Running
          </a>
        </li>
        <li
          className="listItem"
          key="/0.6/hacks/block-timestamp-manipulation"
        >
          <a
            href="/0.6/hacks/block-timestamp-manipulation"
          >
            Block Timestamp Manipulation
          </a>
        </li>
      </ul>
    </div>
  </div>
</div>
`;
