// Jest Snapshot v1, https://goo.gl/fbAQLP

exports[`it renders 1`] = `
<Example
  description="An example of Ether and Wei in Solidity"
  html="<p>Transactions are paid with <code>ether</code>.</p>
<p>Similar to how one dollar is equal to 100 cent, one <code>ether</code> is equal to 10<sup>18</sup> <code>wei</code>.</p>
<pre><code class=\\"language-solidity\\">// SPDX-License-Identifier: MIT
pragma solidity ^0.6.10;

contract EtherUnits {
    uint public oneWei = 1 wei;
    // 1 wei is equal to 1
    bool public isOneWei = 1 wei == 1;

    uint public oneEther = 1 ether;
    // 1 ether is equal to 10^18
    bool public isOneEther = 1 ether == 1e18;
}
</code></pre>
"
  title="Ether and Wei"
  version="0.6.10"
/>
`;
