// Jest Snapshot v1, https://goo.gl/fbAQLP

exports[`it renders 1`] = `
<Example
  description="Uniswap V2 add remove liquidity"
  html="<h3 id=\\"add--remove-liquidity\\">Add / Remove Liquidity</h3>
<pre><code class=\\"language-solidity\\"><span class=\\"hljs-comment\\">// SPDX-License-Identifier: MIT</span>
<span class=\\"hljs-meta\\"><span class=\\"hljs-keyword\\">pragma</span> <span class=\\"hljs-keyword\\">solidity</span> ^0.8.10;</span>

<span class=\\"hljs-class\\"><span class=\\"hljs-keyword\\">contract</span> <span class=\\"hljs-title\\">TestUniswapLiquidity</span> </span>{
    <span class=\\"hljs-keyword\\">address</span> <span class=\\"hljs-keyword\\">private</span> <span class=\\"hljs-keyword\\">constant</span> FACTORY = <span class=\\"hljs-number\\">0x5C69bEe701ef814a2B6a3EDD4B1652CB9cc5aA6f</span>;
    <span class=\\"hljs-keyword\\">address</span> <span class=\\"hljs-keyword\\">private</span> <span class=\\"hljs-keyword\\">constant</span> ROUTER = <span class=\\"hljs-number\\">0x7a250d5630B4cF539739dF2C5dAcb4c659F2488D</span>;
    <span class=\\"hljs-keyword\\">address</span> <span class=\\"hljs-keyword\\">private</span> <span class=\\"hljs-keyword\\">constant</span> WETH = <span class=\\"hljs-number\\">0xC02aaA39b223FE8D0A0e5C4F27eAD9083C756Cc2</span>;

    <span class=\\"hljs-function\\"><span class=\\"hljs-keyword\\">function</span> <span class=\\"hljs-title\\">addLiquidity</span>(<span class=\\"hljs-params\\">
        <span class=\\"hljs-keyword\\">address</span> _tokenA,
        <span class=\\"hljs-keyword\\">address</span> _tokenB,
        <span class=\\"hljs-keyword\\">uint</span> _amountA,
        <span class=\\"hljs-keyword\\">uint</span> _amountB
    </span>) <span class=\\"hljs-title\\"><span class=\\"hljs-keyword\\">external</span></span> </span>{
        IERC20(_tokenA).transferFrom(<span class=\\"hljs-built_in\\">msg</span>.<span class=\\"hljs-built_in\\">sender</span>, <span class=\\"hljs-keyword\\">address</span>(<span class=\\"hljs-built_in\\">this</span>), _amountA);
        IERC20(_tokenB).transferFrom(<span class=\\"hljs-built_in\\">msg</span>.<span class=\\"hljs-built_in\\">sender</span>, <span class=\\"hljs-keyword\\">address</span>(<span class=\\"hljs-built_in\\">this</span>), _amountB);

        IERC20(_tokenA).approve(ROUTER, _amountA);
        IERC20(_tokenB).approve(ROUTER, _amountB);

        (<span class=\\"hljs-keyword\\">uint</span> amountA, <span class=\\"hljs-keyword\\">uint</span> amountB, <span class=\\"hljs-keyword\\">uint</span> liquidity) = IUniswapV2Router(ROUTER)
        .addLiquidity(
            _tokenA,
            _tokenB,
            _amountA,
            _amountB,
            <span class=\\"hljs-number\\">1</span>,
            <span class=\\"hljs-number\\">1</span>,
            <span class=\\"hljs-keyword\\">address</span>(<span class=\\"hljs-built_in\\">this</span>),
            <span class=\\"hljs-built_in\\">block</span>.<span class=\\"hljs-built_in\\">timestamp</span>
        );
    }

    <span class=\\"hljs-function\\"><span class=\\"hljs-keyword\\">function</span> <span class=\\"hljs-title\\">removeLiquidity</span>(<span class=\\"hljs-params\\"><span class=\\"hljs-keyword\\">address</span> _tokenA, <span class=\\"hljs-keyword\\">address</span> _tokenB</span>) <span class=\\"hljs-title\\"><span class=\\"hljs-keyword\\">external</span></span> </span>{
        <span class=\\"hljs-keyword\\">address</span> pair = IUniswapV2Factory(FACTORY).getPair(_tokenA, _tokenB);

        <span class=\\"hljs-keyword\\">uint</span> liquidity = IERC20(pair).balanceOf(<span class=\\"hljs-keyword\\">address</span>(<span class=\\"hljs-built_in\\">this</span>));
        IERC20(pair).approve(ROUTER, liquidity);

        (<span class=\\"hljs-keyword\\">uint</span> amountA, <span class=\\"hljs-keyword\\">uint</span> amountB) = IUniswapV2Router(ROUTER).removeLiquidity(
            _tokenA,
            _tokenB,
            liquidity,
            <span class=\\"hljs-number\\">1</span>,
            <span class=\\"hljs-number\\">1</span>,
            <span class=\\"hljs-keyword\\">address</span>(<span class=\\"hljs-built_in\\">this</span>),
            <span class=\\"hljs-built_in\\">block</span>.<span class=\\"hljs-built_in\\">timestamp</span>
        );
    }
}

<span class=\\"hljs-class\\"><span class=\\"hljs-keyword\\">interface</span> <span class=\\"hljs-title\\">IUniswapV2Router</span> </span>{
    <span class=\\"hljs-function\\"><span class=\\"hljs-keyword\\">function</span> <span class=\\"hljs-title\\">addLiquidity</span>(<span class=\\"hljs-params\\">
        <span class=\\"hljs-keyword\\">address</span> tokenA,
        <span class=\\"hljs-keyword\\">address</span> tokenB,
        <span class=\\"hljs-keyword\\">uint</span> amountADesired,
        <span class=\\"hljs-keyword\\">uint</span> amountBDesired,
        <span class=\\"hljs-keyword\\">uint</span> amountAMin,
        <span class=\\"hljs-keyword\\">uint</span> amountBMin,
        <span class=\\"hljs-keyword\\">address</span> to,
        <span class=\\"hljs-keyword\\">uint</span> deadline
    </span>)
        <span class=\\"hljs-title\\"><span class=\\"hljs-keyword\\">external</span></span>
        <span class=\\"hljs-title\\"><span class=\\"hljs-keyword\\">returns</span></span> (<span class=\\"hljs-params\\">
            <span class=\\"hljs-keyword\\">uint</span> amountA,
            <span class=\\"hljs-keyword\\">uint</span> amountB,
            <span class=\\"hljs-keyword\\">uint</span> liquidity
        </span>)</span>;

    <span class=\\"hljs-function\\"><span class=\\"hljs-keyword\\">function</span> <span class=\\"hljs-title\\">removeLiquidity</span>(<span class=\\"hljs-params\\">
        <span class=\\"hljs-keyword\\">address</span> tokenA,
        <span class=\\"hljs-keyword\\">address</span> tokenB,
        <span class=\\"hljs-keyword\\">uint</span> liquidity,
        <span class=\\"hljs-keyword\\">uint</span> amountAMin,
        <span class=\\"hljs-keyword\\">uint</span> amountBMin,
        <span class=\\"hljs-keyword\\">address</span> to,
        <span class=\\"hljs-keyword\\">uint</span> deadline
    </span>) <span class=\\"hljs-title\\"><span class=\\"hljs-keyword\\">external</span></span> <span class=\\"hljs-title\\"><span class=\\"hljs-keyword\\">returns</span></span> (<span class=\\"hljs-params\\"><span class=\\"hljs-keyword\\">uint</span> amountA, <span class=\\"hljs-keyword\\">uint</span> amountB</span>)</span>;
}

<span class=\\"hljs-class\\"><span class=\\"hljs-keyword\\">interface</span> <span class=\\"hljs-title\\">IUniswapV2Factory</span> </span>{
    <span class=\\"hljs-function\\"><span class=\\"hljs-keyword\\">function</span> <span class=\\"hljs-title\\">getPair</span>(<span class=\\"hljs-params\\"><span class=\\"hljs-keyword\\">address</span> token0, <span class=\\"hljs-keyword\\">address</span> token1</span>) <span class=\\"hljs-title\\"><span class=\\"hljs-keyword\\">external</span></span> <span class=\\"hljs-title\\"><span class=\\"hljs-keyword\\">view</span></span> <span class=\\"hljs-title\\"><span class=\\"hljs-keyword\\">returns</span></span> (<span class=\\"hljs-params\\"><span class=\\"hljs-keyword\\">address</span></span>)</span>;
}

<span class=\\"hljs-class\\"><span class=\\"hljs-keyword\\">interface</span> <span class=\\"hljs-title\\">IERC20</span> </span>{
    <span class=\\"hljs-function\\"><span class=\\"hljs-keyword\\">function</span> <span class=\\"hljs-title\\">totalSupply</span>(<span class=\\"hljs-params\\"></span>) <span class=\\"hljs-title\\"><span class=\\"hljs-keyword\\">external</span></span> <span class=\\"hljs-title\\"><span class=\\"hljs-keyword\\">view</span></span> <span class=\\"hljs-title\\"><span class=\\"hljs-keyword\\">returns</span></span> (<span class=\\"hljs-params\\"><span class=\\"hljs-keyword\\">uint</span></span>)</span>;

    <span class=\\"hljs-function\\"><span class=\\"hljs-keyword\\">function</span> <span class=\\"hljs-title\\">balanceOf</span>(<span class=\\"hljs-params\\"><span class=\\"hljs-keyword\\">address</span> account</span>) <span class=\\"hljs-title\\"><span class=\\"hljs-keyword\\">external</span></span> <span class=\\"hljs-title\\"><span class=\\"hljs-keyword\\">view</span></span> <span class=\\"hljs-title\\"><span class=\\"hljs-keyword\\">returns</span></span> (<span class=\\"hljs-params\\"><span class=\\"hljs-keyword\\">uint</span></span>)</span>;

    <span class=\\"hljs-function\\"><span class=\\"hljs-keyword\\">function</span> <span class=\\"hljs-title\\"><span class=\\"hljs-built_in\\">transfer</span></span>(<span class=\\"hljs-params\\"><span class=\\"hljs-keyword\\">address</span> recipient, <span class=\\"hljs-keyword\\">uint</span> amount</span>) <span class=\\"hljs-title\\"><span class=\\"hljs-keyword\\">external</span></span> <span class=\\"hljs-title\\"><span class=\\"hljs-keyword\\">returns</span></span> (<span class=\\"hljs-params\\"><span class=\\"hljs-keyword\\">bool</span></span>)</span>;

    <span class=\\"hljs-function\\"><span class=\\"hljs-keyword\\">function</span> <span class=\\"hljs-title\\">allowance</span>(<span class=\\"hljs-params\\"><span class=\\"hljs-keyword\\">address</span> owner, <span class=\\"hljs-keyword\\">address</span> spender</span>) <span class=\\"hljs-title\\"><span class=\\"hljs-keyword\\">external</span></span> <span class=\\"hljs-title\\"><span class=\\"hljs-keyword\\">view</span></span> <span class=\\"hljs-title\\"><span class=\\"hljs-keyword\\">returns</span></span> (<span class=\\"hljs-params\\"><span class=\\"hljs-keyword\\">uint</span></span>)</span>;

    <span class=\\"hljs-function\\"><span class=\\"hljs-keyword\\">function</span> <span class=\\"hljs-title\\">approve</span>(<span class=\\"hljs-params\\"><span class=\\"hljs-keyword\\">address</span> spender, <span class=\\"hljs-keyword\\">uint</span> amount</span>) <span class=\\"hljs-title\\"><span class=\\"hljs-keyword\\">external</span></span> <span class=\\"hljs-title\\"><span class=\\"hljs-keyword\\">returns</span></span> (<span class=\\"hljs-params\\"><span class=\\"hljs-keyword\\">bool</span></span>)</span>;

    <span class=\\"hljs-function\\"><span class=\\"hljs-keyword\\">function</span> <span class=\\"hljs-title\\">transferFrom</span>(<span class=\\"hljs-params\\">
        <span class=\\"hljs-keyword\\">address</span> sender,
        <span class=\\"hljs-keyword\\">address</span> recipient,
        <span class=\\"hljs-keyword\\">uint</span> amount
    </span>) <span class=\\"hljs-title\\"><span class=\\"hljs-keyword\\">external</span></span> <span class=\\"hljs-title\\"><span class=\\"hljs-keyword\\">returns</span></span> (<span class=\\"hljs-params\\"><span class=\\"hljs-keyword\\">bool</span></span>)</span>;
}
</code></pre>
"
  title="Uniswap V2 Add Remove Liquidity"
  version="0.8.10"
/>
`;
