// Jest Snapshot v1, https://goo.gl/fbAQLP

exports[`it renders 1`] = `
<Example
  html="<p><code>Fallback</code> functions have a 2300 gas limit when called by <code>transfer</code> or <code>send</code>.</p>
<pre><code class=\\"language-solidity\\">pragma solidity ^0.5.1;

contract FallbackGasLimit {
    event BurnGas(uint gasLeft);

    // Try:
    // Send ether to this contract from an account. This should succeed.
    function () external payable {
        // Use up gas by emitting events, logging the remaining gas
        // on each iteration.
        for (uint i = 0; i &lt; 10; i++) {
            emit BurnGas(gasleft());
        }
    }
}

contract TestFallbackGasLimit {
    // Try:
    // Execute this function. This function will fail since
    // the fallback function of FallbackGasLimit is only allowed to use 2300 gas.
    function test(FallbackGasLimit fallback) public {
        address(fallback).transfer(0 ether);
    }
}
</code></pre>
"
  title="Fallback Gas Limit"
/>
`;
