// Jest Snapshot v1, https://goo.gl/fbAQLP

exports[`it renders 1`] = `
<Example
  description="Local, state and global variables"
  html="<p>There are 3 types of variables in Solidity</p>
<ul>
<li><strong>local</strong><ul>
<li>declared inside a function</li>
<li>not stored on the blockchain</li>
</ul>
</li>
<li><strong>state</strong><ul>
<li>declared outside a function</li>
<li>stored on the blockchain</li>
</ul>
</li>
<li><strong>global</strong> (provides information about the blockchain)</li>
</ul>
<pre><code class=\\"language-solidity\\"><span class=\\"hljs-comment\\">// SPDX-License-Identifier: MIT</span>
<span class=\\"hljs-meta\\"><span class=\\"hljs-keyword\\">pragma</span> <span class=\\"hljs-keyword\\">solidity</span> ^0.8.0;</span>

<span class=\\"hljs-class\\"><span class=\\"hljs-keyword\\">contract</span> <span class=\\"hljs-title\\">Variables</span> </span>{
    <span class=\\"hljs-comment\\">// State variables are stored on the blockchain.</span>
    <span class=\\"hljs-keyword\\">string</span> <span class=\\"hljs-keyword\\">public</span> text = <span class=\\"hljs-string\\">\\"Hello\\"</span>;
    <span class=\\"hljs-keyword\\">uint</span> <span class=\\"hljs-keyword\\">public</span> num = <span class=\\"hljs-number\\">123</span>;

    <span class=\\"hljs-function\\"><span class=\\"hljs-keyword\\">function</span> <span class=\\"hljs-title\\">doSomething</span>(<span class=\\"hljs-params\\"></span>) <span class=\\"hljs-title\\"><span class=\\"hljs-keyword\\">public</span></span> </span>{
        <span class=\\"hljs-comment\\">// Local variables are not saved to the blockchain.</span>
        <span class=\\"hljs-keyword\\">uint</span> i = <span class=\\"hljs-number\\">456</span>;

        <span class=\\"hljs-comment\\">// Here are some global variables</span>
        <span class=\\"hljs-keyword\\">uint</span> timestamp = <span class=\\"hljs-built_in\\">block</span>.<span class=\\"hljs-built_in\\">timestamp</span>; <span class=\\"hljs-comment\\">// Current block timestamp</span>
        <span class=\\"hljs-keyword\\">address</span> sender = <span class=\\"hljs-built_in\\">msg</span>.<span class=\\"hljs-built_in\\">sender</span>; <span class=\\"hljs-comment\\">// address of the caller</span>
    }
}
</code></pre>
"
  title="Variables"
  version="0.6.10"
/>
`;
