// Jest Snapshot v1, https://goo.gl/fbAQLP

exports[`it renders 1`] = `
<Example
  description="Hello world in Solidity"
  html="<p><code>pragma</code> specifies the compiler version of Solidity.</p>
<pre><code class=\\"language-solidity\\">// SPDX-License-Identifier: MIT
// compiler version must be greater than or equal to 0.6.10 and less than 0.7.0
pragma solidity ^0.6.10;

contract HelloWorld {
    string public greet = \\"Hello World!\\";
}
</code></pre>
"
  title="Hello World"
  version="0.6.10"
/>
`;
