// Jest Snapshot v1, https://goo.gl/fbAQLP

exports[`it renders 1`] = `
<Example
  description="An example of view and pure functions in Solidity"
  html="<p>Getter functions can be declared <code>view</code> or <code>pure</code>.</p>
<p><code>View</code> function declares that no state will be changed.</p>
<p><code>Pure</code> function declares that no state variable will be changed or read.</p>
<pre><code class=\\"language-solidity\\"><span class=\\"hljs-comment\\">// SPDX-License-Identifier: MIT</span>
<span class=\\"hljs-meta\\"><span class=\\"hljs-keyword\\">pragma</span> <span class=\\"hljs-keyword\\">solidity</span> ^0.6.10;</span>

<span class=\\"hljs-class\\"><span class=\\"hljs-keyword\\">contract</span> <span class=\\"hljs-title\\">ViewAndPure</span> </span>{
    <span class=\\"hljs-keyword\\">uint</span> <span class=\\"hljs-keyword\\">public</span> x = <span class=\\"hljs-number\\">1</span>;

    <span class=\\"hljs-comment\\">// Promise not to modify the state.</span>
    <span class=\\"hljs-function\\"><span class=\\"hljs-keyword\\">function</span> <span class=\\"hljs-title\\">addToX</span>(<span class=\\"hljs-params\\"><span class=\\"hljs-keyword\\">uint</span> y</span>) <span class=\\"hljs-title\\"><span class=\\"hljs-keyword\\">public</span></span> <span class=\\"hljs-title\\"><span class=\\"hljs-keyword\\">view</span></span> <span class=\\"hljs-title\\"><span class=\\"hljs-keyword\\">returns</span></span> (<span class=\\"hljs-params\\"><span class=\\"hljs-keyword\\">uint</span></span>) </span>{
        <span class=\\"hljs-keyword\\">return</span> x + y;
    }

    <span class=\\"hljs-comment\\">// Promise not to modify or read from the state.</span>
    <span class=\\"hljs-function\\"><span class=\\"hljs-keyword\\">function</span> <span class=\\"hljs-title\\">add</span>(<span class=\\"hljs-params\\"><span class=\\"hljs-keyword\\">uint</span> i, <span class=\\"hljs-keyword\\">uint</span> j</span>) <span class=\\"hljs-title\\"><span class=\\"hljs-keyword\\">public</span></span> <span class=\\"hljs-title\\"><span class=\\"hljs-keyword\\">pure</span></span> <span class=\\"hljs-title\\"><span class=\\"hljs-keyword\\">returns</span></span> (<span class=\\"hljs-params\\"><span class=\\"hljs-keyword\\">uint</span></span>) </span>{
        <span class=\\"hljs-keyword\\">return</span> i + j;
    }
}
</code></pre>
"
  title="View and Pure Functions"
  version="0.6.10"
/>
`;
