// Jest Snapshot v1, https://goo.gl/fbAQLP

exports[`it renders 1`] = `
<div
  className="component"
>
  <Header />
  <div
    className="main"
  >
    <BrowserRouter
      basename=""
    >
      <Switch>
        <Route
          component={[Function]}
          key="/hello-world"
          path="/hello-world"
        />
        <Route
          component={[Function]}
          key="/first-app"
          path="/first-app"
        />
        <Route
          component={[Function]}
          key="/primitives"
          path="/primitives"
        />
        <Route
          component={[Function]}
          key="/variables"
          path="/variables"
        />
        <Route
          component={[Function]}
          key="/state-variables"
          path="/state-variables"
        />
        <Route
          component={[Function]}
          key="/ether-units"
          path="/ether-units"
        />
        <Route
          component={[Function]}
          key="/gas"
          path="/gas"
        />
        <Route
          component={[Function]}
          key="/if-else"
          path="/if-else"
        />
        <Route
          component={[Function]}
          key="/loop"
          path="/loop"
        />
        <Route
          component={[Function]}
          key="/mapping"
          path="/mapping"
        />
        <Route
          component={[Function]}
          key="/array"
          path="/array"
        />
        <Route
          component={[Function]}
          key="/enum"
          path="/enum"
        />
        <Route
          component={[Function]}
          key="/structs"
          path="/structs"
        />
        <Route
          component={[Function]}
          key="/function"
          path="/function"
        />
        <Route
          component={[Function]}
          key="/view-and-pure-functions"
          path="/view-and-pure-functions"
        />
        <Route
          component={[Function]}
          key="/error"
          path="/error"
        />
        <Route
          component={[Function]}
          key="/function-modifier"
          path="/function-modifier"
        />
        <Route
          component={[Function]}
          key="/events"
          path="/events"
        />
        <Route
          component={[Function]}
          key="/constructor"
          path="/constructor"
        />
        <Route
          component={[Function]}
          key="/inheritance"
          path="/inheritance"
        />
        <Route
          component={[Function]}
          key="/super"
          path="/super"
        />
        <Route
          component={[Function]}
          key="/shadowing-inherited-state-variables"
          path="/shadowing-inherited-state-variables"
        />
        <Route
          component={[Function]}
          key="/visibility"
          path="/visibility"
        />
        <Route
          component={[Function]}
          key="/payable"
          path="/payable"
        />
        <Route
          component={[Function]}
          key="/sending-ether"
          path="/sending-ether"
        />
        <Route
          component={[Function]}
          key="/fallback"
          path="/fallback"
        />
        <Route
          component={[Function]}
          key="/call"
          path="/call"
        />
        <Route
          component={[Function]}
          key="/delegatecall"
          path="/delegatecall"
        />
        <Route
          component={[Function]}
          key="/calling-contract"
          path="/calling-contract"
        />
        <Route
          component={[Function]}
          key="/new-contract"
          path="/new-contract"
        />
        <Route
          component={[Function]}
          key="/import"
          path="/import"
        />
        <Route
          component={[Function]}
          key="/library"
          path="/library"
        />
        <Route
          component={[Function]}
          key="/hashing"
          path="/hashing"
        />
        <Route
          component={[Function]}
          key="/signature"
          path="/signature"
        />
        <Route
          component={[Function]}
          key="/app/multi-sig-wallet"
          path="/app/multi-sig-wallet"
        />
        <Route
          component={[Function]}
          key="/app/dividend"
          path="/app/dividend"
        />
        <Route
          component={[Function]}
          key="/app/payment-channel"
          path="/app/payment-channel"
        />
        <Route
          component={[Function]}
          key="/app/merkle-tree"
          path="/app/merkle-tree"
        />
        <Route
          component={[Function]}
          key="/app/create2"
          path="/app/create2"
        />
        <Route
          component={[Function]}
          key="/hacks/re-entrancy"
          path="/hacks/re-entrancy"
        />
        <Route
          component={[Function]}
          key="/hacks/self-destruct"
          path="/hacks/self-destruct"
        />
        <Route
          component={[Function]}
        />
      </Switch>
    </BrowserRouter>
  </div>
  <div
    className="footer"
  >
    <Footer />
  </div>
</div>
`;
