// Jest Snapshot v1, https://goo.gl/fbAQLP

exports[`it renders 1`] = `
<div
  className="App"
>
  <Header />
  <div
    className="App-main"
  >
    <BrowserRouter
      basename=""
    >
      <Switch>
        <Route
          component={[Function]}
          path="/hello-world"
        />
        <Route
          component={[Function]}
          path="/state-variables"
        />
        <Route
          component={[Function]}
          path="/import"
        />
        <Route
          component={[Function]}
          path="/safe-math"
        />
        <Route
          component={[Function]}
          path="/events"
        />
        <Route
          component={[Function]}
          path="/error"
        />
        <Route
          component={[Function]}
          path="/sending-ether"
        />
        <Route
          component={[Function]}
          path="/payable"
        />
        <Route
          component={[Function]}
          path="/fallback"
        />
        <Route
          component={[Function]}
          path="/fallback-gas-limit"
        />
        <Route
          component={[Function]}
          path="/re-entrancy"
        />
        <Route
          component={[Function]}
          path="/self-destruct"
        />
        <Route
          component={[Function]}
          path="/function"
        />
        <Route
          component={[Function]}
          path="/function-modifier"
        />
        <Route
          component={[Function]}
          path="/view-and-pure-functions"
        />
        <Route
          component={[Function]}
          path="/inheritance"
        />
        <Route
          component={[Function]}
          path="/shadowing-inherited-state-variables"
        />
        <Route
          component={[Function]}
          path="/constructor"
        />
        <Route
          component={[Function]}
          path="/super"
        />
        <Route
          component={[Function]}
          path="/visibility"
        />
        <Route
          component={[Function]}
          path="/loop"
        />
        <Route
          component={[Function]}
          path="/enum"
        />
        <Route
          component={[Function]}
          path="/mapping"
        />
        <Route
          component={[Function]}
          path="/array"
        />
        <Route
          component={[Function]}
          path="/structs"
        />
        <Route
          component={[Function]}
          path="/new-contract"
        />
        <Route
          component={[Function]}
          path="/calling-contract"
        />
        <Route
          component={[Function]}
          path="/call"
        />
        <Route
          component={[Function]}
          path="/delegatecall"
        />
        <Route
          component={[Function]}
          path="/library"
        />
        <Route
          component={[Function]}
          path="/wei"
        />
        <Route
          component={[Function]}
          path="/gas"
        />
        <Route
          component={[Function]}
          path="/hashing"
        />
        <Route
          component={[Function]}
          path="/signature"
        />
        <Route
          component={[Function]}
          path="/multi-sig-wallet"
        />
        <Route
          component={[Function]}
          path="/dividend"
        />
        <Route
          component={[Function]}
          path="/payment-channel"
        />
        <Route
          component={[Function]}
        />
      </Switch>
    </BrowserRouter>
  </div>
</div>
`;
