// Jest Snapshot v1, https://goo.gl/fbAQLP

exports[`it renders 1`] = `
<BrowserRouter
  basename=""
>
  <div
    className="component"
  >
    <Header />
    <div
      className="main"
    >
      <Switch>
        <Route
          component={[Function]}
          exact={true}
          key="/0.6"
          path="/0.6"
        />
        <Route
          component={[Function]}
          exact={true}
          key="/0.6/visibility"
          path="/0.6/visibility"
        />
        <Route
          component={[Function]}
          exact={true}
          key="/0.6/view-and-pure-functions"
          path="/0.6/view-and-pure-functions"
        />
        <Route
          component={[Function]}
          exact={true}
          key="/0.6/variables"
          path="/0.6/variables"
        />
        <Route
          component={[Function]}
          exact={true}
          key="/0.6/super"
          path="/0.6/super"
        />
        <Route
          component={[Function]}
          exact={true}
          key="/0.6/structs"
          path="/0.6/structs"
        />
        <Route
          component={[Function]}
          exact={true}
          key="/0.6/state-variables"
          path="/0.6/state-variables"
        />
        <Route
          component={[Function]}
          exact={true}
          key="/0.6/signature"
          path="/0.6/signature"
        />
        <Route
          component={[Function]}
          exact={true}
          key="/0.6/shadowing-inherited-state-variables"
          path="/0.6/shadowing-inherited-state-variables"
        />
        <Route
          component={[Function]}
          exact={true}
          key="/0.6/sending-ether"
          path="/0.6/sending-ether"
        />
        <Route
          component={[Function]}
          exact={true}
          key="/0.6/primitives"
          path="/0.6/primitives"
        />
        <Route
          component={[Function]}
          exact={true}
          key="/0.6/payable"
          path="/0.6/payable"
        />
        <Route
          component={[Function]}
          exact={true}
          key="/0.6/new-contract"
          path="/0.6/new-contract"
        />
        <Route
          component={[Function]}
          exact={true}
          key="/0.6/mapping"
          path="/0.6/mapping"
        />
        <Route
          component={[Function]}
          exact={true}
          key="/0.6/loop"
          path="/0.6/loop"
        />
        <Route
          component={[Function]}
          exact={true}
          key="/0.6/library"
          path="/0.6/library"
        />
        <Route
          component={[Function]}
          exact={true}
          key="/0.6/interface"
          path="/0.6/interface"
        />
        <Route
          component={[Function]}
          exact={true}
          key="/0.6/inheritance"
          path="/0.6/inheritance"
        />
        <Route
          component={[Function]}
          exact={true}
          key="/0.6/import"
          path="/0.6/import"
        />
        <Route
          component={[Function]}
          exact={true}
          key="/0.6/if-else"
          path="/0.6/if-else"
        />
        <Route
          component={[Function]}
          exact={true}
          key="/0.6/hello-world"
          path="/0.6/hello-world"
        />
        <Route
          component={[Function]}
          exact={true}
          key="/0.6/hashing"
          path="/0.6/hashing"
        />
        <Route
          component={[Function]}
          exact={true}
          key="/0.6/hacks/self-destruct"
          path="/0.6/hacks/self-destruct"
        />
        <Route
          component={[Function]}
          exact={true}
          key="/0.6/hacks/re-entrancy"
          path="/0.6/hacks/re-entrancy"
        />
        <Route
          component={[Function]}
          exact={true}
          key="/0.6/hacks/randomness"
          path="/0.6/hacks/randomness"
        />
        <Route
          component={[Function]}
          exact={true}
          key="/0.6/hacks/phishing-with-tx-origin"
          path="/0.6/hacks/phishing-with-tx-origin"
        />
        <Route
          component={[Function]}
          exact={true}
          key="/0.6/hacks/overflow"
          path="/0.6/hacks/overflow"
        />
        <Route
          component={[Function]}
          exact={true}
          key="/0.6/hacks/honeypot"
          path="/0.6/hacks/honeypot"
        />
        <Route
          component={[Function]}
          exact={true}
          key="/0.6/hacks/hiding-malicious-code-with-external-contract"
          path="/0.6/hacks/hiding-malicious-code-with-external-contract"
        />
        <Route
          component={[Function]}
          exact={true}
          key="/0.6/hacks/front-running"
          path="/0.6/hacks/front-running"
        />
        <Route
          component={[Function]}
          exact={true}
          key="/0.6/hacks/denial-of-service"
          path="/0.6/hacks/denial-of-service"
        />
        <Route
          component={[Function]}
          exact={true}
          key="/0.6/hacks/delegatecall"
          path="/0.6/hacks/delegatecall"
        />
        <Route
          component={[Function]}
          exact={true}
          key="/0.6/hacks/block-timestamp-manipulation"
          path="/0.6/hacks/block-timestamp-manipulation"
        />
        <Route
          component={[Function]}
          exact={true}
          key="/0.6/hacks/accessing-private-data"
          path="/0.6/hacks/accessing-private-data"
        />
        <Route
          component={[Function]}
          exact={true}
          key="/0.6/gas"
          path="/0.6/gas"
        />
        <Route
          component={[Function]}
          exact={true}
          key="/0.6/function-modifier"
          path="/0.6/function-modifier"
        />
        <Route
          component={[Function]}
          exact={true}
          key="/0.6/function"
          path="/0.6/function"
        />
        <Route
          component={[Function]}
          exact={true}
          key="/0.6/first-app"
          path="/0.6/first-app"
        />
        <Route
          component={[Function]}
          exact={true}
          key="/0.6/fallback"
          path="/0.6/fallback"
        />
        <Route
          component={[Function]}
          exact={true}
          key="/0.6/events"
          path="/0.6/events"
        />
        <Route
          component={[Function]}
          exact={true}
          key="/0.6/ether-units"
          path="/0.6/ether-units"
        />
        <Route
          component={[Function]}
          exact={true}
          key="/0.6/error"
          path="/0.6/error"
        />
        <Route
          component={[Function]}
          exact={true}
          key="/0.6/enum"
          path="/0.6/enum"
        />
        <Route
          component={[Function]}
          exact={true}
          key="/0.6/delegatecall"
          path="/0.6/delegatecall"
        />
        <Route
          component={[Function]}
          exact={true}
          key="/0.6/data-locations"
          path="/0.6/data-locations"
        />
        <Route
          component={[Function]}
          exact={true}
          key="/0.6/constructor"
          path="/0.6/constructor"
        />
        <Route
          component={[Function]}
          exact={true}
          key="/0.6/calling-contract"
          path="/0.6/calling-contract"
        />
        <Route
          component={[Function]}
          exact={true}
          key="/0.6/call"
          path="/0.6/call"
        />
        <Route
          component={[Function]}
          exact={true}
          key="/0.6/array"
          path="/0.6/array"
        />
        <Route
          component={[Function]}
          exact={true}
          key="/0.6/app/uni-directional-payment-channel"
          path="/0.6/app/uni-directional-payment-channel"
        />
        <Route
          component={[Function]}
          exact={true}
          key="/0.6/app/multi-sig-wallet"
          path="/0.6/app/multi-sig-wallet"
        />
        <Route
          component={[Function]}
          exact={true}
          key="/0.6/app/merkle-tree"
          path="/0.6/app/merkle-tree"
        />
        <Route
          component={[Function]}
          exact={true}
          key="/0.6/app/iterable-mapping"
          path="/0.6/app/iterable-mapping"
        />
        <Route
          component={[Function]}
          exact={true}
          key="/0.6/app/erc20"
          path="/0.6/app/erc20"
        />
        <Route
          component={[Function]}
          exact={true}
          key="/0.6/app/create2"
          path="/0.6/app/create2"
        />
        <Route
          component={[Function]}
          exact={true}
          key="/0.6/app/bi-directional-payment-channel"
          path="/0.6/app/bi-directional-payment-channel"
        />
        <Route
          component={[Function]}
          exact={true}
          key="/0.5"
          path="/0.5"
        />
        <Route
          component={[Function]}
          exact={true}
          key="/0.5/visibility"
          path="/0.5/visibility"
        />
        <Route
          component={[Function]}
          exact={true}
          key="/0.5/view-and-pure-functions"
          path="/0.5/view-and-pure-functions"
        />
        <Route
          component={[Function]}
          exact={true}
          key="/0.5/variables"
          path="/0.5/variables"
        />
        <Route
          component={[Function]}
          exact={true}
          key="/0.5/super"
          path="/0.5/super"
        />
        <Route
          component={[Function]}
          exact={true}
          key="/0.5/structs"
          path="/0.5/structs"
        />
        <Route
          component={[Function]}
          exact={true}
          key="/0.5/state-variables"
          path="/0.5/state-variables"
        />
        <Route
          component={[Function]}
          exact={true}
          key="/0.5/signature"
          path="/0.5/signature"
        />
        <Route
          component={[Function]}
          exact={true}
          key="/0.5/shadowing-inherited-state-variables"
          path="/0.5/shadowing-inherited-state-variables"
        />
        <Route
          component={[Function]}
          exact={true}
          key="/0.5/sending-ether"
          path="/0.5/sending-ether"
        />
        <Route
          component={[Function]}
          exact={true}
          key="/0.5/primitives"
          path="/0.5/primitives"
        />
        <Route
          component={[Function]}
          exact={true}
          key="/0.5/payable"
          path="/0.5/payable"
        />
        <Route
          component={[Function]}
          exact={true}
          key="/0.5/new-contract"
          path="/0.5/new-contract"
        />
        <Route
          component={[Function]}
          exact={true}
          key="/0.5/mapping"
          path="/0.5/mapping"
        />
        <Route
          component={[Function]}
          exact={true}
          key="/0.5/loop"
          path="/0.5/loop"
        />
        <Route
          component={[Function]}
          exact={true}
          key="/0.5/library"
          path="/0.5/library"
        />
        <Route
          component={[Function]}
          exact={true}
          key="/0.5/interface"
          path="/0.5/interface"
        />
        <Route
          component={[Function]}
          exact={true}
          key="/0.5/inheritance"
          path="/0.5/inheritance"
        />
        <Route
          component={[Function]}
          exact={true}
          key="/0.5/import"
          path="/0.5/import"
        />
        <Route
          component={[Function]}
          exact={true}
          key="/0.5/if-else"
          path="/0.5/if-else"
        />
        <Route
          component={[Function]}
          exact={true}
          key="/0.5/hello-world"
          path="/0.5/hello-world"
        />
        <Route
          component={[Function]}
          exact={true}
          key="/0.5/hashing"
          path="/0.5/hashing"
        />
        <Route
          component={[Function]}
          exact={true}
          key="/0.5/hacks/self-destruct"
          path="/0.5/hacks/self-destruct"
        />
        <Route
          component={[Function]}
          exact={true}
          key="/0.5/hacks/re-entrancy"
          path="/0.5/hacks/re-entrancy"
        />
        <Route
          component={[Function]}
          exact={true}
          key="/0.5/hacks/randomness"
          path="/0.5/hacks/randomness"
        />
        <Route
          component={[Function]}
          exact={true}
          key="/0.5/hacks/phishing-with-tx-origin"
          path="/0.5/hacks/phishing-with-tx-origin"
        />
        <Route
          component={[Function]}
          exact={true}
          key="/0.5/hacks/overflow"
          path="/0.5/hacks/overflow"
        />
        <Route
          component={[Function]}
          exact={true}
          key="/0.5/hacks/honeypot"
          path="/0.5/hacks/honeypot"
        />
        <Route
          component={[Function]}
          exact={true}
          key="/0.5/hacks/hiding-malicious-code-with-external-contract"
          path="/0.5/hacks/hiding-malicious-code-with-external-contract"
        />
        <Route
          component={[Function]}
          exact={true}
          key="/0.5/hacks/front-running"
          path="/0.5/hacks/front-running"
        />
        <Route
          component={[Function]}
          exact={true}
          key="/0.5/hacks/denial-of-service"
          path="/0.5/hacks/denial-of-service"
        />
        <Route
          component={[Function]}
          exact={true}
          key="/0.5/hacks/delegatecall"
          path="/0.5/hacks/delegatecall"
        />
        <Route
          component={[Function]}
          exact={true}
          key="/0.5/hacks/block-timestamp-manipulation"
          path="/0.5/hacks/block-timestamp-manipulation"
        />
        <Route
          component={[Function]}
          exact={true}
          key="/0.5/hacks/accessing-private-data"
          path="/0.5/hacks/accessing-private-data"
        />
        <Route
          component={[Function]}
          exact={true}
          key="/0.5/gas"
          path="/0.5/gas"
        />
        <Route
          component={[Function]}
          exact={true}
          key="/0.5/function-modifier"
          path="/0.5/function-modifier"
        />
        <Route
          component={[Function]}
          exact={true}
          key="/0.5/function"
          path="/0.5/function"
        />
        <Route
          component={[Function]}
          exact={true}
          key="/0.5/first-app"
          path="/0.5/first-app"
        />
        <Route
          component={[Function]}
          exact={true}
          key="/0.5/fallback"
          path="/0.5/fallback"
        />
        <Route
          component={[Function]}
          exact={true}
          key="/0.5/events"
          path="/0.5/events"
        />
        <Route
          component={[Function]}
          exact={true}
          key="/0.5/ether-units"
          path="/0.5/ether-units"
        />
        <Route
          component={[Function]}
          exact={true}
          key="/0.5/error"
          path="/0.5/error"
        />
        <Route
          component={[Function]}
          exact={true}
          key="/0.5/enum"
          path="/0.5/enum"
        />
        <Route
          component={[Function]}
          exact={true}
          key="/0.5/delegatecall"
          path="/0.5/delegatecall"
        />
        <Route
          component={[Function]}
          exact={true}
          key="/0.5/data-locations"
          path="/0.5/data-locations"
        />
        <Route
          component={[Function]}
          exact={true}
          key="/0.5/constructor"
          path="/0.5/constructor"
        />
        <Route
          component={[Function]}
          exact={true}
          key="/0.5/calling-contract"
          path="/0.5/calling-contract"
        />
        <Route
          component={[Function]}
          exact={true}
          key="/0.5/call"
          path="/0.5/call"
        />
        <Route
          component={[Function]}
          exact={true}
          key="/0.5/array"
          path="/0.5/array"
        />
        <Route
          component={[Function]}
          exact={true}
          key="/0.5/app/uni-directional-payment-channel"
          path="/0.5/app/uni-directional-payment-channel"
        />
        <Route
          component={[Function]}
          exact={true}
          key="/0.5/app/multi-sig-wallet"
          path="/0.5/app/multi-sig-wallet"
        />
        <Route
          component={[Function]}
          exact={true}
          key="/0.5/app/merkle-tree"
          path="/0.5/app/merkle-tree"
        />
        <Route
          component={[Function]}
          exact={true}
          key="/0.5/app/iterable-mapping"
          path="/0.5/app/iterable-mapping"
        />
        <Route
          component={[Function]}
          exact={true}
          key="/0.5/app/erc20"
          path="/0.5/app/erc20"
        />
        <Route
          component={[Function]}
          exact={true}
          key="/0.5/app/create2"
          path="/0.5/app/create2"
        />
        <Route
          component={[Function]}
          exact={true}
          key="/0.5/app/bi-directional-payment-channel"
          path="/0.5/app/bi-directional-payment-channel"
        />
        <Redirect
          path="/"
          to="/0.6"
        />
      </Switch>
    </div>
    <div
      className="footer"
    >
      <Footer />
    </div>
  </div>
</BrowserRouter>
`;
