// Jest Snapshot v1, https://goo.gl/fbAQLP

exports[`it renders 1`] = `
<Example
  description="Constant variables"
  html="<p>Constants are variables that cannot be modified.</p>
<p>Their value is hard coded and using constants can save gas cost.</p>
<pre><code class=\\"language-solidity\\"><span class=\\"hljs-comment\\">// SPDX-License-Identifier: MIT</span>
<span class=\\"hljs-meta\\"><span class=\\"hljs-keyword\\">pragma</span> <span class=\\"hljs-keyword\\">solidity</span> ^0.8.10;</span>

<span class=\\"hljs-class\\"><span class=\\"hljs-keyword\\">contract</span> <span class=\\"hljs-title\\">Constants</span> </span>{
    <span class=\\"hljs-comment\\">// coding convention to uppercase constant variables</span>
    <span class=\\"hljs-keyword\\">address</span> <span class=\\"hljs-keyword\\">public</span> <span class=\\"hljs-keyword\\">constant</span> MY_ADDRESS = <span class=\\"hljs-number\\">0x777788889999AaAAbBbbCcccddDdeeeEfFFfCcCc</span>;
    <span class=\\"hljs-keyword\\">uint</span> <span class=\\"hljs-keyword\\">public</span> <span class=\\"hljs-keyword\\">constant</span> MY_UINT = <span class=\\"hljs-number\\">123</span>;
}
</code></pre>
"
  title="Constants"
  version="0.8.10"
/>
`;
